2026-01-30 19:56:17 - INFO - Read file: getting_started.csv
2026-01-30 19:56:17 - INFO - Found 26 articles URLs to extract article info
2026-01-30 19:56:18 - INFO - Extracting article content [1/26], section: getting_started, title: site_editor_overview, url: https://app.wocode.com/docs/site-editor-overview/
2026-01-30 19:56:23 - INFO - Start driver...
2026-01-30 19:56:28 - INFO - Text blocks extracted
2026-01-30 19:56:28 - INFO - Images extracted
2026-01-30 19:56:28 - INFO - Markdown content created
2026-01-30 19:56:28 - INFO - Saved aricle content to markdown file markdown_docs\getting_started_site_editor_overview.md
2026-01-30 19:56:28 - INFO - Extracting article content [2/26], section: getting_started, title: navigation, url: https://app.wocode.com/docs/navigation/
2026-01-30 19:56:29 - INFO - Start driver...
2026-01-30 19:56:34 - INFO - Text blocks extracted
2026-01-30 19:56:34 - INFO - Images extracted
2026-01-30 19:56:35 - INFO - Markdown content created
2026-01-30 19:56:35 - INFO - Saved aricle content to markdown file markdown_docs\getting_started_navigation.md
2026-01-30 19:56:35 - INFO - Extracting article content [3/26], section: getting_started, title: pages_and_popups, url: https://app.wocode.com/docs/pages-and-popups/
2026-01-30 19:56:43 - INFO - Start driver...
2026-01-30 19:56:48 - INFO - Text blocks extracted
2026-01-30 19:56:49 - INFO - Images extracted
2026-01-30 19:56:50 - INFO - Markdown content created
2026-01-30 19:56:50 - INFO - Saved aricle content to markdown file markdown_docs\getting_started_pages_and_popups.md
2026-01-30 19:56:50 - INFO - Extracting article content [4/26], section: getting_started, title: arranging_content, url: https://app.wocode.com/docs/arranging-content/
2026-01-30 19:56:52 - INFO - Start driver...
2026-01-30 19:56:57 - INFO - Text blocks extracted
2026-01-30 19:56:57 - INFO - Images extracted
2026-01-30 19:56:58 - INFO - Markdown content created
2026-01-30 19:56:58 - INFO - Saved aricle content to markdown file markdown_docs\getting_started_arranging_content.md
2026-01-30 19:56:58 - INFO - Extracting article content [5/26], section: getting_started, title: row_editor, url: https://app.wocode.com/docs/row-editor/
2026-01-30 19:56:59 - INFO - Start driver...
2026-01-30 19:57:04 - INFO - Text blocks extracted
2026-01-30 19:57:04 - INFO - Images extracted
2026-01-30 19:57:05 - INFO - Markdown content created
2026-01-30 19:57:05 - INFO - Saved aricle content to markdown file markdown_docs\getting_started_row_editor.md
2026-01-30 19:57:05 - INFO - Extracting article content [6/26], section: getting_started, title: spacing, url: https://app.wocode.com/docs/spacing/
2026-01-30 19:57:06 - INFO - Start driver...
2026-01-30 19:57:11 - INFO - Text blocks extracted
2026-01-30 19:57:11 - INFO - Images extracted
2026-01-30 19:57:11 - INFO - Markdown content created
2026-01-30 19:57:11 - INFO - Saved aricle content to markdown file markdown_docs\getting_started_spacing.md
2026-01-30 19:57:11 - INFO - Extracting article content [7/26], section: getting_started, title: adding_text, url: https://app.wocode.com/docs/adding-text/
2026-01-30 19:57:15 - INFO - Start driver...
2026-01-30 19:57:20 - INFO - Text blocks extracted
2026-01-30 19:57:20 - INFO - Images extracted
2026-01-30 19:57:21 - INFO - Markdown content created
2026-01-30 19:57:21 - INFO - Saved aricle content to markdown file markdown_docs\getting_started_adding_text.md
2026-01-30 19:57:21 - INFO - Extracting article content [8/26], section: getting_started, title: adding_titles, url: https://app.wocode.com/docs/adding-titles/
2026-01-30 19:57:22 - INFO - Start driver...
2026-01-30 19:57:27 - INFO - Text blocks extracted
2026-01-30 19:57:27 - INFO - Images extracted
2026-01-30 19:57:27 - INFO - Markdown content created
2026-01-30 19:57:27 - INFO - Saved aricle content to markdown file markdown_docs\getting_started_adding_titles.md
2026-01-30 19:57:27 - INFO - Extracting article content [9/26], section: getting_started, title: editing_text, url: https://app.wocode.com/docs/editing-text/
2026-01-30 19:57:28 - INFO - Start driver...
2026-01-30 19:57:33 - INFO - Text blocks extracted
2026-01-30 19:57:33 - INFO - Images extracted
2026-01-30 19:57:33 - INFO - Markdown content created
2026-01-30 19:57:33 - INFO - Saved aricle content to markdown file markdown_docs\getting_started_editing_text.md
2026-01-30 19:57:33 - INFO - Extracting article content [10/26], section: getting_started, title: adding_text_&_image, url: https://app.wocode.com/docs/adding-text-image/
2026-01-30 19:57:34 - INFO - Start driver...
2026-01-30 19:57:40 - INFO - Text blocks extracted
2026-01-30 19:57:40 - INFO - Images extracted
2026-01-30 19:57:40 - INFO - Markdown content created
2026-01-30 19:57:40 - INFO - Saved aricle content to markdown file markdown_docs\getting_started_adding_text_&_image.md
2026-01-30 19:57:40 - INFO - Extracting article content [11/26], section: getting_started, title: choose_and_place_images, url: https://app.wocode.com/docs/choose-and-place-images/
2026-01-30 19:57:43 - INFO - Start driver...
2026-01-30 19:57:48 - INFO - Text blocks extracted
2026-01-30 19:57:48 - INFO - Images extracted
2026-01-30 19:57:49 - INFO - Markdown content created
2026-01-30 19:57:49 - INFO - Saved aricle content to markdown file markdown_docs\getting_started_choose_and_place_images.md
2026-01-30 19:57:49 - INFO - Extracting article content [12/26], section: getting_started, title: adding_and_deleting_widgets, url: https://app.wocode.com/docs/adding-and-deleting-widgets/
2026-01-30 19:57:50 - INFO - Start driver...
2026-01-30 19:57:55 - INFO - Text blocks extracted
2026-01-30 19:57:55 - INFO - Images extracted
2026-01-30 19:57:56 - INFO - Markdown content created
2026-01-30 19:57:56 - INFO - Saved aricle content to markdown file markdown_docs\getting_started_adding_and_deleting_widgets.md
2026-01-30 19:57:56 - INFO - Extracting article content [13/26], section: getting_started, title: editing_widgets, url: https://app.wocode.com/docs/editing-widgets/
2026-01-30 19:57:57 - INFO - Start driver...
2026-01-30 19:58:02 - INFO - Text blocks extracted
2026-01-30 19:58:02 - INFO - Images extracted
2026-01-30 19:58:03 - INFO - Markdown content created
2026-01-30 19:58:03 - INFO - Saved aricle content to markdown file markdown_docs\getting_started_editing_widgets.md
2026-01-30 19:58:03 - INFO - Extracting article content [14/26], section: getting_started, title: widget_design_options, url: https://app.wocode.com/docs/widget-design-options/
2026-01-30 19:58:04 - INFO - Start driver...
2026-01-30 19:58:09 - INFO - Text blocks extracted
2026-01-30 19:58:10 - INFO - Images extracted
2026-01-30 19:58:10 - INFO - Markdown content created
2026-01-30 19:58:10 - INFO - Saved aricle content to markdown file markdown_docs\getting_started_widget_design_options.md
2026-01-30 19:58:10 - INFO - Extracting article content [15/26], section: getting_started, title: rearranging_elements, url: https://app.wocode.com/docs/rearranging-elements/
2026-01-30 19:58:11 - INFO - Start driver...
2026-01-30 19:58:16 - INFO - Text blocks extracted
2026-01-30 19:58:16 - INFO - Images extracted
2026-01-30 19:58:17 - INFO - Markdown content created
2026-01-30 19:58:17 - INFO - Saved aricle content to markdown file markdown_docs\getting_started_rearranging_elements.md
2026-01-30 19:58:17 - INFO - Extracting article content [16/26], section: getting_started, title: headers, url: https://app.wocode.com/docs/headers/
2026-01-30 19:58:18 - INFO - Start driver...
2026-01-30 19:58:24 - INFO - Text blocks extracted
2026-01-30 19:58:24 - INFO - Images extracted
2026-01-30 19:58:24 - INFO - Markdown content created
2026-01-30 19:58:24 - INFO - Saved aricle content to markdown file markdown_docs\getting_started_headers.md
2026-01-30 19:58:24 - INFO - Extracting article content [17/26], section: getting_started, title: footers, url: https://app.wocode.com/docs/footers/
2026-01-30 19:58:26 - INFO - Start driver...
2026-01-30 19:58:31 - INFO - Text blocks extracted
2026-01-30 19:58:31 - INFO - Images extracted
2026-01-30 19:58:31 - INFO - Markdown content created
2026-01-30 19:58:31 - INFO - Saved aricle content to markdown file markdown_docs\getting_started_footers.md
2026-01-30 19:58:31 - INFO - Extracting article content [18/26], section: getting_started, title: managing_imported_content, url: https://app.wocode.com/docs/managing-imported-content/
2026-01-30 19:58:35 - INFO - Start driver...
2026-01-30 19:58:40 - INFO - Text blocks extracted
2026-01-30 19:58:41 - INFO - Images extracted
2026-01-30 19:58:42 - INFO - Markdown content created
2026-01-30 19:58:42 - INFO - Saved aricle content to markdown file markdown_docs\getting_started_managing_imported_content.md
2026-01-30 19:58:42 - INFO - Extracting article content [19/26], section: getting_started, title: adding_sections, url: https://app.wocode.com/docs/adding-sections/
2026-01-30 19:58:45 - INFO - Start driver...
2026-01-30 19:58:50 - INFO - Text blocks extracted
2026-01-30 19:58:50 - INFO - Images extracted
2026-01-30 19:58:51 - INFO - Markdown content created
2026-01-30 19:58:51 - INFO - Saved aricle content to markdown file markdown_docs\getting_started_adding_sections.md
2026-01-30 19:58:51 - INFO - Extracting article content [20/26], section: getting_started, title: global_text, url: https://app.wocode.com/docs/global-text/
2026-01-30 19:58:53 - INFO - Start driver...
2026-01-30 19:58:58 - INFO - Text blocks extracted
2026-01-30 19:58:58 - INFO - Images extracted
2026-01-30 19:58:58 - INFO - Markdown content created
2026-01-30 19:58:58 - INFO - Saved aricle content to markdown file markdown_docs\getting_started_global_text.md
2026-01-30 19:58:58 - INFO - Extracting article content [21/26], section: getting_started, title: site_theme_(global_design), url: https://app.wocode.com/docs/global-design/
2026-01-30 19:58:59 - INFO - Start driver...
2026-01-30 19:59:05 - INFO - Text blocks extracted
2026-01-30 19:59:05 - INFO - Images extracted
2026-01-30 19:59:06 - INFO - Markdown content created
2026-01-30 19:59:06 - INFO - Saved aricle content to markdown file markdown_docs\getting_started_site_theme_(global_design).md
2026-01-30 19:59:06 - INFO - Extracting article content [22/26], section: getting_started, title: site_settings, url: https://app.wocode.com/docs/site-settings/
2026-01-30 19:59:07 - INFO - Start driver...
2026-01-30 19:59:12 - INFO - Text blocks extracted
2026-01-30 19:59:12 - INFO - Images extracted
2026-01-30 19:59:14 - INFO - Markdown content created
2026-01-30 19:59:14 - INFO - Saved aricle content to markdown file markdown_docs\getting_started_site_settings.md
2026-01-30 19:59:14 - INFO - Extracting article content [23/26], section: getting_started, title: seo_settings, url: https://app.wocode.com/docs/seo-settings/
2026-01-30 19:59:14 - INFO - Start driver...
2026-01-30 19:59:20 - INFO - Text blocks extracted
2026-01-30 19:59:20 - INFO - Images extracted
2026-01-30 19:59:20 - INFO - Markdown content created
2026-01-30 19:59:20 - INFO - Saved aricle content to markdown file markdown_docs\getting_started_seo_settings.md
2026-01-30 19:59:20 - INFO - Extracting article content [24/26], section: getting_started, title: supported_browsers, url: https://app.wocode.com/docs/supported-browsers/
2026-01-30 19:59:21 - INFO - Start driver...
2026-01-30 19:59:26 - INFO - Text blocks extracted
2026-01-30 19:59:26 - INFO - Images extracted
2026-01-30 19:59:26 - INFO - Markdown content created
2026-01-30 19:59:26 - INFO - Saved aricle content to markdown file markdown_docs\getting_started_supported_browsers.md
2026-01-30 19:59:26 - INFO - Extracting article content [25/26], section: getting_started, title: setting_a_temporary_“coming_soon”_page, url: https://app.wocode.com/docs/setting-a-temporary-coming-soon-page/
2026-01-30 19:59:27 - INFO - Start driver...
2026-01-30 19:59:32 - INFO - Text blocks extracted
2026-01-30 19:59:32 - INFO - Images extracted
2026-01-30 19:59:32 - INFO - Markdown content created
2026-01-30 19:59:32 - INFO - Saved aricle content to markdown file markdown_docs\getting_started_setting_a_temporary_“coming_soon”_page.md
2026-01-30 19:59:32 - INFO - Extracting article content [26/26], section: getting_started, title: system_requirements, url: https://app.wocode.com/docs/system-requirements/
2026-01-30 19:59:33 - INFO - Start driver...
2026-01-30 19:59:38 - INFO - Text blocks extracted
2026-01-30 19:59:38 - INFO - Images extracted
2026-01-30 19:59:39 - INFO - Markdown content created
2026-01-30 19:59:39 - INFO - Saved aricle content to markdown file markdown_docs\getting_started_system_requirements.md
2026-01-30 19:59:39 - INFO - Saved 26 total records to getting_started_results.csv
